exports[`\"additionalData\" option > should as function 1`] = `
"/* RelativePath: additional-data.less; */\\n.background {\\n  color: coral;\\n}\\n.custom-class {\\n  color: red;\\n}\\n"
`;

exports[`\"additionalData\" option > should as function 2`] = `
[]
`;

exports[`\"additionalData\" option > should as function 3`] = `
[]
`;

exports[`\"additionalData\" option > should work as async function 1`] = `
"/* RelativePath: additional-data.less; */\\n.background {\\n  color: coral;\\n}\\n.custom-class {\\n  color: red;\\n}\\n"
`;

exports[`\"additionalData\" option > should work as async function 2`] = `
[]
`;

exports[`\"additionalData\" option > should work as async function 3`] = `
[]
`;

exports[`\"additionalData\" option > should work as string 1`] = `
".background {\\n  color: coral;\\n}\\n"
`;

exports[`\"additionalData\" option > should work as string 2`] = `
[]
`;

exports[`\"additionalData\" option > should work as string 3`] = `
[]
`;
