exports[`\"implementation\" option > should throw error when implementation has error 1`] = `
[]
`;

exports[`\"implementation\" option > should throw error when implementation has error 2`] = `
[
  "ModuleBuildError: Module build failed (from \`replaced original path\`):\\nError: The Less implementation \\"/test/fixtures/implementation-error.cjs\\" not found"
]
`;

exports[`\"implementation\" option > should throw error when unresolved package 1`] = `
[]
`;

exports[`\"implementation\" option > should throw error when unresolved package 2`] = `
[
  "ModuleBuildError: Module build failed (from \`replaced original path\`):\\nError [ERR_MODULE_NOT_FOUND]: Cannot find package 'unresolved' imported from /dist/cjs/utils.js"
]
`;

exports[`\"implementation\" option > should work 1`] = `
".box {\\n  color: #fe33ac;\\n  border-color: #fdcdea;\\n  background: url(box.png);\\n}\\n.box div {\\n  -webkit-box-shadow: 0 0 5px rgba(0, 0, 0, 0.3);\\n  box-shadow: 0 0 5px rgba(0, 0, 0, 0.3);\\n}\\n"
`;

exports[`\"implementation\" option > should work 2`] = `
[]
`;

exports[`\"implementation\" option > should work 3`] = `
[]
`;

exports[`\"implementation\" option > should work when implementation option is string 1`] = `
".box {\\n  color: #fe33ac;\\n  border-color: #fdcdea;\\n  background: url(box.png);\\n}\\n.box div {\\n  -webkit-box-shadow: 0 0 5px rgba(0, 0, 0, 0.3);\\n  box-shadow: 0 0 5px rgba(0, 0, 0, 0.3);\\n}\\n"
`;

exports[`\"implementation\" option > should work when implementation option is string 2`] = `
[]
`;

exports[`\"implementation\" option > should work when implementation option is string 3`] = `
[]
`;
